   a rank  cross  lambda profile
   2    8      0  
   4    8     30  lambda=-1:30   +36 irrational
   5    8     60  lambda=-1:60
   6    8     36  |d|=1:36
   8    8      0  
   9    8     66  lambda=-1:54 |d|=1:12
  10    8     36  |d|=1:36   +24 irrational
  11    8     30  lambda=-1:30
  12    8     42  lambda=-1:42
  13    8     60  lambda=-1:60
  14    8      0  
  15    8    144  lambda=-1:84 |d|=1:60
  16    8     42  lambda=-1:30 |d|=1:12   +24 irrational
  17    8      0  
  18    8      0  
  20    8     60  lambda=-1:60
  21    8    144  lambda=-1:84 |d|=1:60
  22    8      0  
  23    8     60  lambda=-1:60
  24    8     12  |d|=1:12
  26    8      0  
  27    8     66  lambda=-1:66
  28    8     96  lambda=-1:60 |d|=1:36   +24 irrational
  29    8      0  
  30    8     12  |d|=1:12
  31    8    120  lambda=-1:120
  32    8      0  
  33    8     42  lambda=-1:42
  34    8     12  |d|=1:12
  35    8    120  lambda=-1:120
  36    8     90  lambda=-1:54 |d|=1:36
  38    8      0  
  39    8     96  lambda=-1:84 |d|=2:12
  40    8      0  
  41    8      0  
  42    8     24  |d|=1:24
  43    8     60  lambda=-1:60
  44    8     30  lambda=-1:30
  45    8    144  lambda=-1:108 |d|=1:36
  46    8      0  
  47    8     60  lambda=-1:60
  48    8     42  lambda=-1:42
  49    8     90  lambda=-1:90
  50    8      0  
  51    8     12  |d|=2:12
  52    8     60  lambda=-1:60
  53    8     60  lambda=-1:60
  54    8      0  
  55    8     96  lambda=-1:60 |d|=1:36
  56    8      0  
  57    8     84  lambda=-1:84
  58    8      0  
  59    8     60  lambda=-1:60
  60    8     84  lambda=-1:84
  62    8      0  
  63    8    108  lambda=-1:108
  64    8     30  lambda=-1:30
  65    8    120  lambda=-1:120
  66    8     36  |d|=1:36
  67    8    120  lambda=-1:120
  68    8      0  
  70    8     48  |d|=1:48
  71    8     60  lambda=-1:60
  72    8     12  |d|=1:12
  73    8     60  lambda=-1:60
  74    8      0  
  75    8    138  lambda=-1:126 |d|=1:12
  76    8     60  lambda=-1:60
  77    8     60  lambda=-1:60
  78    8     36  |d|=1:36
  79    8     60  lambda=-1:60
  80    8     60  lambda=-1:60

violations of the repaired step 5: 0
