
1. R is not a ring, but 3R is
  ok  products of unit vectors that land back in R                              684
  ok  R closed under multiplication                                           False
  ok  3R closed under multiplication                                           True
  ok  1/3 lies in R, so 1 lies in 3R                                           True

2. 3R is the MAXIMAL order: disc = disc(F)^2
  ok  disc of the trace form on 3R                                             1089
  ok  and disc(Q(sqrt33))^2                                                    1089
  ok  the Z-basis Proposition 8 prints                       [('1/4', '1/4', '1/4', '-1/4'), ('0', '1/2', '0', '-7/2'), ('0', '0', '1/2', '1/2'), ('0', '0', '0', '1')]
  ok  the trace matrix Proposition 8 prints                  [[5, -22, 4, 11], [-22, -506, 77, 154], [4, 77, -14, -22], [11, 154, -22, -44]]
  ok  all 16 products b_i b_j are integral over that basis                       []

3. why exactly two colourings: R/2R = F_4 x F_4
  ok  pi_1 R / 2R is a subgroup of order 4                                     True
  ok  pi_2 R / 2R likewise                                                     True
  ok  they meet in 0 and span: CRT, R/2R = R/pi_1 x R/pi_2                     True
  ok  the 30 unit vectors fall into 9 classes                                     9
  ok  and those 9 are exactly the classes off both coordinate lines [1, 2, 6, 8, 10, 11, 13, 14, 15]
  ok  omega^3 = 1 mod 2R                                                       True
  ok  phi^-1 = phi^2 mod 2R                                                    True
  ok  so the classes are the nine omega^k phi^j, k,j in {0,1,2} [1, 2, 6, 8, 10, 11, 13, 14, 15]
  ok  two-dimensional subspaces of F_2^4                                         35
  ok  those avoiding all nine unit classes are exactly the two prime reductions [[0, 3, 4, 7], [0, 5, 9, 12]]
  ok  sqrt33 acts as the identity on R/2R                              [1, 2, 4, 8]
  ok  subspaces stable under (1+sqrt33)/2: eleven, not two                       11

4. the arithmetic that turns the shell criterion into a theorem
  ok  h(F) for F = Q(sqrt33)                                                      1
  ok  Minkowski bound for F is below 3 (so only primes above 2 matter)                 2.8723
  ok    and the primes above 2 are principal: N((5+sqrt33)/2)                     -2
  ok  eps = 23 - 4 sqrt33 is a unit of norm +1                                    1
  ok    and is totally positive                                                True
  ok    and is fundamental (PARI agrees)                     Mod(-4*x + 23, x^2 - 33)
  ok  disc(V)                                                                  1089
  ok  so V/F is unramified at every finite prime                               True
  ok  h(V)                                                                        1
  ok  V is totally imaginary, signature (0,2)                                [0, 2]
  ok  N_{V/F}(eta) = 23 - 4 sqrt33, F's fundamental unit                       True
  ok  that unit is totally positive                                            True
  ok  explicit eta = i(2sqrt3 - sqrt11): |eta|^2 rational part                     23
  ok    and its sqrt33 part                                                      -4
  ok    N_{V/Q}(eta) = 1, so eta is a unit                                        1
  ok    eta/3 lies in R, so eta lies in 3R = O_V                               True
  ok  primes of F inert in V = the obstructed ones, plus 11                      []
      (11 ramifies in F, so rational valuations there are even anyway)

every ingredient of the proof checks
